// Jest Snapshot v1, https://goo.gl/fbAQLP

exports[`The Card Component should render correctly 1`] = `
<div
  className="Card"
>
  <div />
</div>
`;
