// Jest Snapshot v1, https://goo.gl/fbAQLP

exports[`The MemberCarousel Component should render correctly 1`] = `
<div
  className="MemberCarousel"
>
  <h4>
    RSVP:
  </h4>
  <div
    className="slider"
  />
</div>
`;
