// Jest Snapshot v1, https://goo.gl/fbAQLP

exports[`The SliderCarousel Component should render correctly 1`] = `
<div
  className="SliderCarousel"
>
  <h4>
    :
  </h4>
  <div
    className="slider"
  />
</div>
`;
