// Jest Snapshot v1, https://goo.gl/fbAQLP

exports[`The EventDetails Component should render correctly 1`] = `
ShallowWrapper {
  "length": 1,
  Symbol(enzyme.__root__): [Circular],
  Symbol(enzyme.__unrendered__): <EventDetails
    accessToken="fakeToken"
    match={
      Object {
        "params": Object {},
      }
    }
    selectedEvent={
      Object {
        "time": 1522030848733,
      }
    }
    setAccessToken={[Function]}
  />,
  Symbol(enzyme.__renderer__): Object {
    "batchedUpdates": [Function],
    "getNode": [Function],
    "render": [Function],
    "simulateEvent": [Function],
    "unmount": [Function],
  },
  Symbol(enzyme.__node__): Object {
    "instance": null,
    "key": undefined,
    "nodeType": "host",
    "props": Object {
      "children": Array [
        <Connect(RouteRestrictor) />,
        <Banner
          countDownMessage="Until the undefined Meetup"
          goBackButton={false}
          goBackRoute={null}
          goBackText={null}
          nextEventTime={1522030848733}
          subTitle={null}
          title={null}
        />,
        <div
          className="details"
        >
          <div>
            <h4>
              Where:
            </h4>
            <div>
              <p>
                TBD
              </p>
            </div>
          </div>
          <div>
            <h4>
              When:
            </h4>
            <div>
              <p>
                March 25th, 2018, 9:20 pm
              </p>
            </div>
          </div>
          <div>
            <h4>
              Details:
            </h4>
            <div
              dangerouslySetInnerHTML={
                Object {
                  "__html": undefined,
                }
              }
            />
          </div>
          <SliderCarousel
            title="RSVP"
          />
        </div>,
      ],
      "className": "EventDetails",
    },
    "ref": null,
    "rendered": Array [
      Object {
        "instance": null,
        "key": undefined,
        "nodeType": "class",
        "props": Object {},
        "ref": null,
        "rendered": null,
        "type": [Function],
      },
      Object {
        "instance": null,
        "key": undefined,
        "nodeType": "function",
        "props": Object {
          "countDownMessage": "Until the undefined Meetup",
          "goBackButton": false,
          "goBackRoute": null,
          "goBackText": null,
          "nextEventTime": 1522030848733,
          "subTitle": null,
          "title": null,
        },
        "ref": null,
        "rendered": null,
        "type": [Function],
      },
      Object {
        "instance": null,
        "key": undefined,
        "nodeType": "host",
        "props": Object {
          "children": Array [
            <div>
              <h4>
                Where:
              </h4>
              <div>
                <p>
                  TBD
                </p>
              </div>
            </div>,
            <div>
              <h4>
                When:
              </h4>
              <div>
                <p>
                  March 25th, 2018, 9:20 pm
                </p>
              </div>
            </div>,
            <div>
              <h4>
                Details:
              </h4>
              <div
                dangerouslySetInnerHTML={
                  Object {
                    "__html": undefined,
                  }
                }
              />
            </div>,
            <SliderCarousel
              title="RSVP"
            />,
          ],
          "className": "details",
        },
        "ref": null,
        "rendered": Array [
          Object {
            "instance": null,
            "key": undefined,
            "nodeType": "host",
            "props": Object {
              "children": Array [
                <h4>
                  Where:
                </h4>,
                <div>
                  <p>
                    TBD
                  </p>
                </div>,
              ],
            },
            "ref": null,
            "rendered": Array [
              Object {
                "instance": null,
                "key": undefined,
                "nodeType": "host",
                "props": Object {
                  "children": "Where:",
                },
                "ref": null,
                "rendered": "Where:",
                "type": "h4",
              },
              Object {
                "instance": null,
                "key": undefined,
                "nodeType": "host",
                "props": Object {
                  "children": <p>
                    TBD
                  </p>,
                },
                "ref": null,
                "rendered": Object {
                  "instance": null,
                  "key": undefined,
                  "nodeType": "host",
                  "props": Object {
                    "children": "TBD",
                  },
                  "ref": null,
                  "rendered": "TBD",
                  "type": "p",
                },
                "type": "div",
              },
            ],
            "type": "div",
          },
          Object {
            "instance": null,
            "key": undefined,
            "nodeType": "host",
            "props": Object {
              "children": Array [
                <h4>
                  When:
                </h4>,
                <div>
                  <p>
                    March 25th, 2018, 9:20 pm
                  </p>
                </div>,
              ],
            },
            "ref": null,
            "rendered": Array [
              Object {
                "instance": null,
                "key": undefined,
                "nodeType": "host",
                "props": Object {
                  "children": "When:",
                },
                "ref": null,
                "rendered": "When:",
                "type": "h4",
              },
              Object {
                "instance": null,
                "key": undefined,
                "nodeType": "host",
                "props": Object {
                  "children": <p>
                    March 25th, 2018, 9:20 pm
                  </p>,
                },
                "ref": null,
                "rendered": Object {
                  "instance": null,
                  "key": undefined,
                  "nodeType": "host",
                  "props": Object {
                    "children": "March 25th, 2018, 9:20 pm",
                  },
                  "ref": null,
                  "rendered": "March 25th, 2018, 9:20 pm",
                  "type": "p",
                },
                "type": "div",
              },
            ],
            "type": "div",
          },
          Object {
            "instance": null,
            "key": undefined,
            "nodeType": "host",
            "props": Object {
              "children": Array [
                <h4>
                  Details:
                </h4>,
                <div
                  dangerouslySetInnerHTML={
                    Object {
                      "__html": undefined,
                    }
                  }
                />,
              ],
            },
            "ref": null,
            "rendered": Array [
              Object {
                "instance": null,
                "key": undefined,
                "nodeType": "host",
                "props": Object {
                  "children": "Details:",
                },
                "ref": null,
                "rendered": "Details:",
                "type": "h4",
              },
              Object {
                "instance": null,
                "key": undefined,
                "nodeType": "host",
                "props": Object {
                  "dangerouslySetInnerHTML": Object {
                    "__html": undefined,
                  },
                },
                "ref": null,
                "rendered": null,
                "type": "div",
              },
            ],
            "type": "div",
          },
          Object {
            "instance": null,
            "key": undefined,
            "nodeType": "class",
            "props": Object {
              "children": Array [],
              "title": "RSVP",
            },
            "ref": null,
            "rendered": Array [],
            "type": [Function],
          },
        ],
        "type": "div",
      },
    ],
    "type": "div",
  },
  Symbol(enzyme.__nodes__): Array [
    Object {
      "instance": null,
      "key": undefined,
      "nodeType": "host",
      "props": Object {
        "children": Array [
          <Connect(RouteRestrictor) />,
          <Banner
            countDownMessage="Until the undefined Meetup"
            goBackButton={false}
            goBackRoute={null}
            goBackText={null}
            nextEventTime={1522030848733}
            subTitle={null}
            title={null}
          />,
          <div
            className="details"
          >
            <div>
              <h4>
                Where:
              </h4>
              <div>
                <p>
                  TBD
                </p>
              </div>
            </div>
            <div>
              <h4>
                When:
              </h4>
              <div>
                <p>
                  March 25th, 2018, 9:20 pm
                </p>
              </div>
            </div>
            <div>
              <h4>
                Details:
              </h4>
              <div
                dangerouslySetInnerHTML={
                  Object {
                    "__html": undefined,
                  }
                }
              />
            </div>
            <SliderCarousel
              title="RSVP"
            />
          </div>,
        ],
        "className": "EventDetails",
      },
      "ref": null,
      "rendered": Array [
        Object {
          "instance": null,
          "key": undefined,
          "nodeType": "class",
          "props": Object {},
          "ref": null,
          "rendered": null,
          "type": [Function],
        },
        Object {
          "instance": null,
          "key": undefined,
          "nodeType": "function",
          "props": Object {
            "countDownMessage": "Until the undefined Meetup",
            "goBackButton": false,
            "goBackRoute": null,
            "goBackText": null,
            "nextEventTime": 1522030848733,
            "subTitle": null,
            "title": null,
          },
          "ref": null,
          "rendered": null,
          "type": [Function],
        },
        Object {
          "instance": null,
          "key": undefined,
          "nodeType": "host",
          "props": Object {
            "children": Array [
              <div>
                <h4>
                  Where:
                </h4>
                <div>
                  <p>
                    TBD
                  </p>
                </div>
              </div>,
              <div>
                <h4>
                  When:
                </h4>
                <div>
                  <p>
                    March 25th, 2018, 9:20 pm
                  </p>
                </div>
              </div>,
              <div>
                <h4>
                  Details:
                </h4>
                <div
                  dangerouslySetInnerHTML={
                    Object {
                      "__html": undefined,
                    }
                  }
                />
              </div>,
              <SliderCarousel
                title="RSVP"
              />,
            ],
            "className": "details",
          },
          "ref": null,
          "rendered": Array [
            Object {
              "instance": null,
              "key": undefined,
              "nodeType": "host",
              "props": Object {
                "children": Array [
                  <h4>
                    Where:
                  </h4>,
                  <div>
                    <p>
                      TBD
                    </p>
                  </div>,
                ],
              },
              "ref": null,
              "rendered": Array [
                Object {
                  "instance": null,
                  "key": undefined,
                  "nodeType": "host",
                  "props": Object {
                    "children": "Where:",
                  },
                  "ref": null,
                  "rendered": "Where:",
                  "type": "h4",
                },
                Object {
                  "instance": null,
                  "key": undefined,
                  "nodeType": "host",
                  "props": Object {
                    "children": <p>
                      TBD
                    </p>,
                  },
                  "ref": null,
                  "rendered": Object {
                    "instance": null,
                    "key": undefined,
                    "nodeType": "host",
                    "props": Object {
                      "children": "TBD",
                    },
                    "ref": null,
                    "rendered": "TBD",
                    "type": "p",
                  },
                  "type": "div",
                },
              ],
              "type": "div",
            },
            Object {
              "instance": null,
              "key": undefined,
              "nodeType": "host",
              "props": Object {
                "children": Array [
                  <h4>
                    When:
                  </h4>,
                  <div>
                    <p>
                      March 25th, 2018, 9:20 pm
                    </p>
                  </div>,
                ],
              },
              "ref": null,
              "rendered": Array [
                Object {
                  "instance": null,
                  "key": undefined,
                  "nodeType": "host",
                  "props": Object {
                    "children": "When:",
                  },
                  "ref": null,
                  "rendered": "When:",
                  "type": "h4",
                },
                Object {
                  "instance": null,
                  "key": undefined,
                  "nodeType": "host",
                  "props": Object {
                    "children": <p>
                      March 25th, 2018, 9:20 pm
                    </p>,
                  },
                  "ref": null,
                  "rendered": Object {
                    "instance": null,
                    "key": undefined,
                    "nodeType": "host",
                    "props": Object {
                      "children": "March 25th, 2018, 9:20 pm",
                    },
                    "ref": null,
                    "rendered": "March 25th, 2018, 9:20 pm",
                    "type": "p",
                  },
                  "type": "div",
                },
              ],
              "type": "div",
            },
            Object {
              "instance": null,
              "key": undefined,
              "nodeType": "host",
              "props": Object {
                "children": Array [
                  <h4>
                    Details:
                  </h4>,
                  <div
                    dangerouslySetInnerHTML={
                      Object {
                        "__html": undefined,
                      }
                    }
                  />,
                ],
              },
              "ref": null,
              "rendered": Array [
                Object {
                  "instance": null,
                  "key": undefined,
                  "nodeType": "host",
                  "props": Object {
                    "children": "Details:",
                  },
                  "ref": null,
                  "rendered": "Details:",
                  "type": "h4",
                },
                Object {
                  "instance": null,
                  "key": undefined,
                  "nodeType": "host",
                  "props": Object {
                    "dangerouslySetInnerHTML": Object {
                      "__html": undefined,
                    },
                  },
                  "ref": null,
                  "rendered": null,
                  "type": "div",
                },
              ],
              "type": "div",
            },
            Object {
              "instance": null,
              "key": undefined,
              "nodeType": "class",
              "props": Object {
                "children": Array [],
                "title": "RSVP",
              },
              "ref": null,
              "rendered": Array [],
              "type": [Function],
            },
          ],
          "type": "div",
        },
      ],
      "type": "div",
    },
  ],
  Symbol(enzyme.__options__): Object {
    "adapter": ReactSixteenAdapter {
      "options": Object {
        "enableComponentDidUpdateOnSetState": true,
      },
    },
    "context": Object {
      "store": Object {
        "clearActions": [Function],
        "dispatch": [Function],
        "getActions": [Function],
        "getState": [Function],
        "replaceReducer": [Function],
        "subscribe": [Function],
      },
    },
  },
}
`;
