// Jest Snapshot v1, https://goo.gl/fbAQLP

exports[`The Home Component should render correctly 1`] = `
ShallowWrapper {
  "length": 1,
  Symbol(enzyme.__root__): [Circular],
  Symbol(enzyme.__unrendered__): <Home
    accessToken="fakeToken"
    setAccessToken={[Function]}
  />,
  Symbol(enzyme.__renderer__): Object {
    "batchedUpdates": [Function],
    "getNode": [Function],
    "render": [Function],
    "simulateEvent": [Function],
    "unmount": [Function],
  },
  Symbol(enzyme.__node__): Object {
    "instance": null,
    "key": undefined,
    "nodeType": "host",
    "props": Object {
      "children": Array [
        <h1>
          Austin's Favorite Meetups
        </h1>,
        Array [
          <div>
            <Link
              replace={false}
              to="/group/ReactJS-Dallas"
            >
              React
            </Link>
          </div>,
          <div>
            <Link
              replace={false}
              to="/group/Nodeschool-Dallas"
            >
              NodeSchool
            </Link>
          </div>,
        ],
      ],
      "className": "Home page",
    },
    "ref": null,
    "rendered": Array [
      Object {
        "instance": null,
        "key": undefined,
        "nodeType": "host",
        "props": Object {
          "children": "Austin's Favorite Meetups",
        },
        "ref": null,
        "rendered": "Austin's Favorite Meetups",
        "type": "h1",
      },
      Object {
        "instance": null,
        "key": "0",
        "nodeType": "host",
        "props": Object {
          "children": <Link
            replace={false}
            to="/group/ReactJS-Dallas"
          >
            React
          </Link>,
        },
        "ref": null,
        "rendered": Object {
          "instance": null,
          "key": undefined,
          "nodeType": "class",
          "props": Object {
            "children": "React",
            "replace": false,
            "to": "/group/ReactJS-Dallas",
          },
          "ref": null,
          "rendered": "React",
          "type": [Function],
        },
        "type": "div",
      },
      Object {
        "instance": null,
        "key": "1",
        "nodeType": "host",
        "props": Object {
          "children": <Link
            replace={false}
            to="/group/Nodeschool-Dallas"
          >
            NodeSchool
          </Link>,
        },
        "ref": null,
        "rendered": Object {
          "instance": null,
          "key": undefined,
          "nodeType": "class",
          "props": Object {
            "children": "NodeSchool",
            "replace": false,
            "to": "/group/Nodeschool-Dallas",
          },
          "ref": null,
          "rendered": "NodeSchool",
          "type": [Function],
        },
        "type": "div",
      },
    ],
    "type": "div",
  },
  Symbol(enzyme.__nodes__): Array [
    Object {
      "instance": null,
      "key": undefined,
      "nodeType": "host",
      "props": Object {
        "children": Array [
          <h1>
            Austin's Favorite Meetups
          </h1>,
          Array [
            <div>
              <Link
                replace={false}
                to="/group/ReactJS-Dallas"
              >
                React
              </Link>
            </div>,
            <div>
              <Link
                replace={false}
                to="/group/Nodeschool-Dallas"
              >
                NodeSchool
              </Link>
            </div>,
          ],
        ],
        "className": "Home page",
      },
      "ref": null,
      "rendered": Array [
        Object {
          "instance": null,
          "key": undefined,
          "nodeType": "host",
          "props": Object {
            "children": "Austin's Favorite Meetups",
          },
          "ref": null,
          "rendered": "Austin's Favorite Meetups",
          "type": "h1",
        },
        Object {
          "instance": null,
          "key": "0",
          "nodeType": "host",
          "props": Object {
            "children": <Link
              replace={false}
              to="/group/ReactJS-Dallas"
            >
              React
            </Link>,
          },
          "ref": null,
          "rendered": Object {
            "instance": null,
            "key": undefined,
            "nodeType": "class",
            "props": Object {
              "children": "React",
              "replace": false,
              "to": "/group/ReactJS-Dallas",
            },
            "ref": null,
            "rendered": "React",
            "type": [Function],
          },
          "type": "div",
        },
        Object {
          "instance": null,
          "key": "1",
          "nodeType": "host",
          "props": Object {
            "children": <Link
              replace={false}
              to="/group/Nodeschool-Dallas"
            >
              NodeSchool
            </Link>,
          },
          "ref": null,
          "rendered": Object {
            "instance": null,
            "key": undefined,
            "nodeType": "class",
            "props": Object {
              "children": "NodeSchool",
              "replace": false,
              "to": "/group/Nodeschool-Dallas",
            },
            "ref": null,
            "rendered": "NodeSchool",
            "type": [Function],
          },
          "type": "div",
        },
      ],
      "type": "div",
    },
  ],
  Symbol(enzyme.__options__): Object {
    "adapter": ReactSixteenAdapter {
      "options": Object {
        "enableComponentDidUpdateOnSetState": true,
      },
    },
    "context": Object {
      "store": Object {
        "clearActions": [Function],
        "dispatch": [Function],
        "getActions": [Function],
        "getState": [Function],
        "replaceReducer": [Function],
        "subscribe": [Function],
      },
    },
  },
}
`;
